// Jest Snapshot v1, https://goo.gl/fbAQLP

exports[`ItemForm default fields renders hidden id input field that stores item id 1`] = `
<form
  class="ant-form ant-form-horizontal ItemForm-layout"
  id="empty-test-form"
>
  <div
    class="ant-row ant-form-item"
    style="display: none;"
  >
    <div
      class="ant-col ant-col-12 ant-form-item-control"
    >
      <div
        class="ant-form-item-control-input"
      >
        <div
          class="ant-form-item-control-input-content"
        >
          <div
            class="ant-input-number"
          >
            <div
              class="ant-input-number-handler-wrap"
            >
              <span
                aria-disabled="true"
                aria-label="Increase Value"
                class="ant-input-number-handler ant-input-number-handler-up ant-input-number-handler-up-disabled"
                role="button"
                unselectable="unselectable"
              >
                <span
                  aria-label="up"
                  class="anticon anticon-up ant-input-number-handler-up-inner"
                  role="img"
                >
                  <svg
                    aria-hidden="true"
                    class=""
                    data-icon="up"
                    fill="currentColor"
                    focusable="false"
                    height="1em"
                    viewBox="64 64 896 896"
                    width="1em"
                  >
                    <path
                      d="M890.5 755.3L537.9 269.2c-12.8-17.6-39-17.6-51.7 0L133.5 755.3A8 8 0 00140 768h75c5.1 0 9.9-2.5 12.9-6.6L512 369.8l284.1 391.6c3 4.1 7.8 6.6 12.9 6.6h75c6.5 0 10.3-7.4 6.5-12.7z"
                    />
                  </svg>
                </span>
              </span>
              <span
                aria-disabled="true"
                aria-label="Decrease Value"
                class="ant-input-number-handler ant-input-number-handler-down ant-input-number-handler-down-disabled"
                role="button"
                unselectable="unselectable"
              >
                <span
                  aria-label="down"
                  class="anticon anticon-down ant-input-number-handler-down-inner"
                  role="img"
                >
                  <svg
                    aria-hidden="true"
                    class=""
                    data-icon="down"
                    fill="currentColor"
                    focusable="false"
                    height="1em"
                    viewBox="64 64 896 896"
                    width="1em"
                  >
                    <path
                      d="M884 256h-75c-5.1 0-9.9 2.5-12.9 6.6L512 654.2 227.9 262.6c-3-4.1-7.8-6.6-12.9-6.6h-75c-6.5 0-10.3 7.4-6.5 12.7l352.6 486.1c12.8 17.6 39 17.6 51.7 0l352.6-486.1c3.9-5.3.1-12.7-6.4-12.7z"
                    />
                  </svg>
                </span>
              </span>
            </div>
            <div
              class="ant-input-number-input-wrap"
            >
              <input
                aria-valuemin="-9007199254740991"
                aria-valuenow="testId"
                autocomplete="off"
                class="ant-input-number-input"
                id="empty-test-form_id"
                min="-9007199254740991"
                role="spinbutton"
                step="1"
                value="testId"
              />
            </div>
          </div>
        </div>
      </div>
    </div>
  </div>
  <div
    class="ant-row ant-form-item"
  >
    <div
      class="ant-col ant-form-item-control ant-col-xs-16 ant-col-xs-offset-0 ant-col-sm-16 ant-col-sm-offset-8"
    >
      <div
        class="ant-form-item-control-input"
      >
        <div
          class="ant-form-item-control-input-content"
        >
          <button
            class="ant-btn ant-btn-primary"
            type="submit"
          >
            <span>
              Save Changes
            </span>
          </button>
          <button
            class="ant-btn"
            type="button"
          >
            <span>
              Cancel
            </span>
          </button>
          <button
            class="ant-btn"
            type="button"
          >
            <span>
              Remove
            </span>
          </button>
        </div>
      </div>
    </div>
  </div>
</form>
`;

exports[`ItemForm renders custom fields submits proper values 1`] = `
<form
  class="ant-form ant-form-horizontal ItemForm-layout"
  id="custom-test-form"
>
  <div
    class="ant-row ant-form-item"
    style="display: none;"
  >
    <div
      class="ant-col ant-col-12 ant-form-item-control"
    >
      <div
        class="ant-form-item-control-input"
      >
        <div
          class="ant-form-item-control-input-content"
        >
          <div
            class="ant-input-number"
          >
            <div
              class="ant-input-number-handler-wrap"
            >
              <span
                aria-disabled="true"
                aria-label="Increase Value"
                class="ant-input-number-handler ant-input-number-handler-up ant-input-number-handler-up-disabled"
                role="button"
                unselectable="unselectable"
              >
                <span
                  aria-label="up"
                  class="anticon anticon-up ant-input-number-handler-up-inner"
                  role="img"
                >
                  <svg
                    aria-hidden="true"
                    class=""
                    data-icon="up"
                    fill="currentColor"
                    focusable="false"
                    height="1em"
                    viewBox="64 64 896 896"
                    width="1em"
                  >
                    <path
                      d="M890.5 755.3L537.9 269.2c-12.8-17.6-39-17.6-51.7 0L133.5 755.3A8 8 0 00140 768h75c5.1 0 9.9-2.5 12.9-6.6L512 369.8l284.1 391.6c3 4.1 7.8 6.6 12.9 6.6h75c6.5 0 10.3-7.4 6.5-12.7z"
                    />
                  </svg>
                </span>
              </span>
              <span
                aria-disabled="true"
                aria-label="Decrease Value"
                class="ant-input-number-handler ant-input-number-handler-down ant-input-number-handler-down-disabled"
                role="button"
                unselectable="unselectable"
              >
                <span
                  aria-label="down"
                  class="anticon anticon-down ant-input-number-handler-down-inner"
                  role="img"
                >
                  <svg
                    aria-hidden="true"
                    class=""
                    data-icon="down"
                    fill="currentColor"
                    focusable="false"
                    height="1em"
                    viewBox="64 64 896 896"
                    width="1em"
                  >
                    <path
                      d="M884 256h-75c-5.1 0-9.9 2.5-12.9 6.6L512 654.2 227.9 262.6c-3-4.1-7.8-6.6-12.9-6.6h-75c-6.5 0-10.3 7.4-6.5 12.7l352.6 486.1c12.8 17.6 39 17.6 51.7 0l352.6-486.1c3.9-5.3.1-12.7-6.4-12.7z"
                    />
                  </svg>
                </span>
              </span>
            </div>
            <div
              class="ant-input-number-input-wrap"
            >
              <input
                aria-valuemin="-9007199254740991"
                aria-valuenow="testId"
                autocomplete="off"
                class="ant-input-number-input"
                id="custom-test-form_id"
                min="-9007199254740991"
                role="spinbutton"
                step="1"
                value="testId"
              />
            </div>
          </div>
        </div>
      </div>
    </div>
  </div>
  <div
    class="ant-row ant-form-item ant-form-item-has-success"
  >
    <div
      class="ant-col ant-form-item-label ant-col-xs-16 ant-col-sm-8"
    >
      <label
        class="ant-form-item-required"
        for="custom-test-form_numfield"
        title="Number Field"
      >
        Number Field
      </label>
    </div>
    <div
      class="ant-col ant-col-12 ant-form-item-control"
    >
      <div
        class="ant-form-item-control-input"
      >
        <div
          class="ant-form-item-control-input-content"
        >
          <div
            class="ant-input-number"
          >
            <div
              class="ant-input-number-handler-wrap"
            >
              <span
                aria-disabled="false"
                aria-label="Increase Value"
                class="ant-input-number-handler ant-input-number-handler-up "
                role="button"
                unselectable="unselectable"
              >
                <span
                  aria-label="up"
                  class="anticon anticon-up ant-input-number-handler-up-inner"
                  role="img"
                >
                  <svg
                    aria-hidden="true"
                    class=""
                    data-icon="up"
                    fill="currentColor"
                    focusable="false"
                    height="1em"
                    viewBox="64 64 896 896"
                    width="1em"
                  >
                    <path
                      d="M890.5 755.3L537.9 269.2c-12.8-17.6-39-17.6-51.7 0L133.5 755.3A8 8 0 00140 768h75c5.1 0 9.9-2.5 12.9-6.6L512 369.8l284.1 391.6c3 4.1 7.8 6.6 12.9 6.6h75c6.5 0 10.3-7.4 6.5-12.7z"
                    />
                  </svg>
                </span>
              </span>
              <span
                aria-disabled="false"
                aria-label="Decrease Value"
                class="ant-input-number-handler ant-input-number-handler-down "
                role="button"
                unselectable="unselectable"
              >
                <span
                  aria-label="down"
                  class="anticon anticon-down ant-input-number-handler-down-inner"
                  role="img"
                >
                  <svg
                    aria-hidden="true"
                    class=""
                    data-icon="down"
                    fill="currentColor"
                    focusable="false"
                    height="1em"
                    viewBox="64 64 896 896"
                    width="1em"
                  >
                    <path
                      d="M884 256h-75c-5.1 0-9.9 2.5-12.9 6.6L512 654.2 227.9 262.6c-3-4.1-7.8-6.6-12.9-6.6h-75c-6.5 0-10.3 7.4-6.5 12.7l352.6 486.1c12.8 17.6 39 17.6 51.7 0l352.6-486.1c3.9-5.3.1-12.7-6.4-12.7z"
                    />
                  </svg>
                </span>
              </span>
            </div>
            <div
              class="ant-input-number-input-wrap"
            >
              <input
                aria-valuemin="-9007199254740991"
                aria-valuenow="3"
                autocomplete="off"
                class="ant-input-number-input"
                id="custom-test-form_numfield"
                min="-9007199254740991"
                role="spinbutton"
                step="1"
                value="3"
              />
            </div>
          </div>
        </div>
      </div>
    </div>
  </div>
  <div
    class="ant-row ant-form-item ant-form-item-has-success"
  >
    <div
      class="ant-col ant-form-item-label ant-col-xs-16 ant-col-sm-8"
    >
      <label
        class=""
        for="custom-test-form_text-field"
        title="Text Field"
      >
        Text Field
      </label>
    </div>
    <div
      class="ant-col ant-col-12 ant-form-item-control"
    >
      <div
        class="ant-form-item-control-input"
      >
        <div
          class="ant-form-item-control-input-content"
        >
          <input
            class="ant-input"
            id="custom-test-form_text-field"
            type="text"
            value="field value"
          />
        </div>
      </div>
    </div>
  </div>
  <div
    class="ant-row ant-form-item"
  >
    <div
      class="ant-col ant-form-item-control ant-col-xs-16 ant-col-xs-offset-0 ant-col-sm-16 ant-col-sm-offset-8"
    >
      <div
        class="ant-form-item-control-input"
      >
        <div
          class="ant-form-item-control-input-content"
        >
          <button
            class="ant-btn ant-btn-primary"
            type="submit"
          >
            <span>
              Save Changes
            </span>
          </button>
          <button
            class="ant-btn"
            type="button"
          >
            <span>
              Cancel
            </span>
          </button>
          <button
            class="ant-btn"
            type="button"
          >
            <span>
              Remove
            </span>
          </button>
        </div>
      </div>
    </div>
  </div>
</form>
`;
