// Jest Snapshot v1, https://goo.gl/fbAQLP

exports[`Link renders a tag 1`] = `
<a
  href="#"
>
  Link text
</a>
`;
